20:13:24.094 [custom-mailbox-akka.actor.default-dispatcher-4] INFO  c.p.c.customMailboxForActors.MyActor - Hey dude, How are you?, I know your name, processing your request
